// Jest Snapshot v1, https://goo.gl/fbAQLP

exports[`Indecision Component should match snapshot 1`] = `
<!--v-if-->
<div class="bg-dark"></div>
<div class="indecision-container"><input type="text" placeholder="¿Qué quieres saber?">
  <p>Recuerda terminar con un signo de interrogación (?)</p>
  <!--v-if-->
</div>
`;
